// Jest Snapshot v1, https://goo.gl/fbAQLP

exports[`Should render ExpenseList Item with expenses 1`] = `
<div>
  <Link
    to="/edit/1"
  >
    <h3>
      Gum
    </h3>
  </Link>
  <p>
    195
     : 
    Wed, Dec 1969
  </p>
</div>
`;
