// Jest Snapshot v1, https://goo.gl/fbAQLP

exports[`Should render ExpenseListFilters correctly 1`] = `
"<div className=\\"content-container\\">
  <div className=\\"input-group\\">
    <div className=\\"input-group__item\\">
      <input type=\\"text\\" className=\\"text-input\\" value=\\"\\" onChange={[Function]} placeholder=\\"Search Expenses\\" />
    </div>
    <div className=\\"input-group__item\\">
      <select className=\\"select\\" value=\\"date\\" onChange={[Function]}>
        <option value=\\"date\\">
          Date
        </option>
        <option value=\\"amount\\">
          Amount
        </option>
      </select>
    </div>
    <div className=\\"input-group__item\\">
      <DateRangePicker startDate={{...}} endDate={{...}} onDatesChange={[Function]} focusedInput={{...}} onFocusChange={[Function]} showClearDates={true} numberOfMonths={1} isOutsideRange={[Function]} startDateId=\\"startDate\\" startDatePlaceholderText=\\"Start Date\\" endDateId=\\"endDate\\" endDatePlaceholderText=\\"End Date\\" disabled={false} required={false} readOnly={false} screenReaderInputMessage=\\"\\" showDefaultInputIcon={false} inputIconPosition=\\"before\\" customInputIcon={{...}} customArrowIcon={{...}} customCloseIcon={{...}} renderMonth={{...}} orientation=\\"horizontal\\" anchorDirection=\\"left\\" openDirection=\\"down\\" horizontalMargin={0} withPortal={false} withFullScreenPortal={false} initialVisibleMonth={{...}} keepOpenOnDateSelect={false} reopenPickerOnClearDates={false} renderCalendarInfo={{...}} hideKeyboardShortcutsPanel={false} daySize={39} isRTL={false} firstDayOfWeek={{...}} navPrev={{...}} navNext={{...}} onPrevMonthClick={[Function]} onNextMonthClick={[Function]} onClose={[Function]} renderDay={{...}} minimumNights={1} enableOutsideDays={false} isDayBlocked={[Function]} isDayHighlighted={[Function]} displayFormat={[Function]} monthFormat=\\"MMMM YYYY\\" weekDayFormat=\\"dd\\" phrases={{...}} />
    </div>
  </div>
</div>"
`;

exports[`Should render ExpenseListFilters with alt data correctly 1`] = `
"<div className=\\"content-container\\">
  <div className=\\"input-group\\">
    <div className=\\"input-group__item\\">
      <input type=\\"text\\" className=\\"text-input\\" value=\\"bills\\" onChange={[Function]} placeholder=\\"Search Expenses\\" />
    </div>
    <div className=\\"input-group__item\\">
      <select className=\\"select\\" value=\\"amount\\" onChange={[Function]}>
        <option value=\\"date\\">
          Date
        </option>
        <option value=\\"amount\\">
          Amount
        </option>
      </select>
    </div>
    <div className=\\"input-group__item\\">
      <DateRangePicker startDate={{...}} endDate={{...}} onDatesChange={[Function]} focusedInput={{...}} onFocusChange={[Function]} showClearDates={true} numberOfMonths={1} isOutsideRange={[Function]} startDateId=\\"startDate\\" startDatePlaceholderText=\\"Start Date\\" endDateId=\\"endDate\\" endDatePlaceholderText=\\"End Date\\" disabled={false} required={false} readOnly={false} screenReaderInputMessage=\\"\\" showDefaultInputIcon={false} inputIconPosition=\\"before\\" customInputIcon={{...}} customArrowIcon={{...}} customCloseIcon={{...}} renderMonth={{...}} orientation=\\"horizontal\\" anchorDirection=\\"left\\" openDirection=\\"down\\" horizontalMargin={0} withPortal={false} withFullScreenPortal={false} initialVisibleMonth={{...}} keepOpenOnDateSelect={false} reopenPickerOnClearDates={false} renderCalendarInfo={{...}} hideKeyboardShortcutsPanel={false} daySize={39} isRTL={false} firstDayOfWeek={{...}} navPrev={{...}} navNext={{...}} onPrevMonthClick={[Function]} onNextMonthClick={[Function]} onClose={[Function]} renderDay={{...}} minimumNights={1} enableOutsideDays={false} isDayBlocked={[Function]} isDayHighlighted={[Function]} displayFormat={[Function]} monthFormat=\\"MMMM YYYY\\" weekDayFormat=\\"dd\\" phrases={{...}} />
    </div>
  </div>
</div>"
`;
